// Jest Snapshot v1, https://goo.gl/fbAQLP

exports[`polyfills stable list of polyfills: default 1`] = `
{
  "polyfills": [
    "../../examples/polyfills/src/polyfill.ts + 11 modules",
    "../../node_modules/core-js/modules/es.aggregate-error.constructor.js",
    "../../node_modules/core-js/modules/es.aggregate-error.js",
    "../../node_modules/core-js/modules/es.array.at.js",
    "../../node_modules/core-js/modules/es.array.concat.js",
    "../../node_modules/core-js/modules/es.array.copy-within.js",
    "../../node_modules/core-js/modules/es.array.fill.js",
    "../../node_modules/core-js/modules/es.array.filter.js",
    "../../node_modules/core-js/modules/es.array.find-index.js",
    "../../node_modules/core-js/modules/es.array.find.js",
    "../../node_modules/core-js/modules/es.array.flat-map.js",
    "../../node_modules/core-js/modules/es.array.flat.js",
    "../../node_modules/core-js/modules/es.array.from.js",
    "../../node_modules/core-js/modules/es.array.includes.js",
    "../../node_modules/core-js/modules/es.array.index-of.js",
    "../../node_modules/core-js/modules/es.array.iterator.js",
    "../../node_modules/core-js/modules/es.array.last-index-of.js",
    "../../node_modules/core-js/modules/es.array.map.js",
    "../../node_modules/core-js/modules/es.array.of.js",
    "../../node_modules/core-js/modules/es.array.reduce-right.js",
    "../../node_modules/core-js/modules/es.array.reduce.js",
    "../../node_modules/core-js/modules/es.array.reverse.js",
    "../../node_modules/core-js/modules/es.array.slice.js",
    "../../node_modules/core-js/modules/es.array.sort.js",
    "../../node_modules/core-js/modules/es.array.species.js",
    "../../node_modules/core-js/modules/es.array.splice.js",
    "../../node_modules/core-js/modules/es.array.unscopables.flat-map.js",
    "../../node_modules/core-js/modules/es.array.unscopables.flat.js",
    "../../node_modules/core-js/modules/es.json.stringify.js",
    "../../node_modules/core-js/modules/es.json.to-string-tag.js",
    "../../node_modules/core-js/modules/es.map.constructor.js",
    "../../node_modules/core-js/modules/es.map.js",
    "../../node_modules/core-js/modules/es.math.to-string-tag.js",
    "../../node_modules/core-js/modules/es.object.assign.js",
    "../../node_modules/core-js/modules/es.object.define-getter.js",
    "../../node_modules/core-js/modules/es.object.define-setter.js",
    "../../node_modules/core-js/modules/es.object.entries.js",
    "../../node_modules/core-js/modules/es.object.freeze.js",
    "../../node_modules/core-js/modules/es.object.from-entries.js",
    "../../node_modules/core-js/modules/es.object.get-own-property-descriptor.js",
    "../../node_modules/core-js/modules/es.object.get-own-property-descriptors.js",
    "../../node_modules/core-js/modules/es.object.get-own-property-names.js",
    "../../node_modules/core-js/modules/es.object.get-own-property-symbols.js",
    "../../node_modules/core-js/modules/es.object.get-prototype-of.js",
    "../../node_modules/core-js/modules/es.object.has-own.js",
    "../../node_modules/core-js/modules/es.object.is-extensible.js",
    "../../node_modules/core-js/modules/es.object.is-frozen.js",
    "../../node_modules/core-js/modules/es.object.is-sealed.js",
    "../../node_modules/core-js/modules/es.object.keys.js",
    "../../node_modules/core-js/modules/es.object.lookup-getter.js",
    "../../node_modules/core-js/modules/es.object.lookup-setter.js",
    "../../node_modules/core-js/modules/es.object.prevent-extensions.js",
    "../../node_modules/core-js/modules/es.object.seal.js",
    "../../node_modules/core-js/modules/es.object.to-string.js",
    "../../node_modules/core-js/modules/es.object.values.js",
    "../../node_modules/core-js/modules/es.promise.all-settled.js",
    "../../node_modules/core-js/modules/es.promise.all.js",
    "../../node_modules/core-js/modules/es.promise.any.js",
    "../../node_modules/core-js/modules/es.promise.catch.js",
    "../../node_modules/core-js/modules/es.promise.constructor.js",
    "../../node_modules/core-js/modules/es.promise.finally.js",
    "../../node_modules/core-js/modules/es.promise.js",
    "../../node_modules/core-js/modules/es.promise.race.js",
    "../../node_modules/core-js/modules/es.promise.reject.js",
    "../../node_modules/core-js/modules/es.promise.resolve.js",
    "../../node_modules/core-js/modules/es.reflect.to-string-tag.js",
    "../../node_modules/core-js/modules/es.regexp.exec.js",
    "../../node_modules/core-js/modules/es.set.constructor.js",
    "../../node_modules/core-js/modules/es.set.js",
    "../../node_modules/core-js/modules/es.string.at-alternative.js",
    "../../node_modules/core-js/modules/es.string.code-point-at.js",
    "../../node_modules/core-js/modules/es.string.ends-with.js",
    "../../node_modules/core-js/modules/es.string.from-code-point.js",
    "../../node_modules/core-js/modules/es.string.includes.js",
    "../../node_modules/core-js/modules/es.string.iterator.js",
    "../../node_modules/core-js/modules/es.string.match-all.js",
    "../../node_modules/core-js/modules/es.string.match.js",
    "../../node_modules/core-js/modules/es.string.pad-end.js",
    "../../node_modules/core-js/modules/es.string.pad-start.js",
    "../../node_modules/core-js/modules/es.string.raw.js",
    "../../node_modules/core-js/modules/es.string.repeat.js",
    "../../node_modules/core-js/modules/es.string.replace-all.js",
    "../../node_modules/core-js/modules/es.string.replace.js",
    "../../node_modules/core-js/modules/es.string.search.js",
    "../../node_modules/core-js/modules/es.string.split.js",
    "../../node_modules/core-js/modules/es.string.starts-with.js",
    "../../node_modules/core-js/modules/es.string.trim-end.js",
    "../../node_modules/core-js/modules/es.string.trim-left.js",
    "../../node_modules/core-js/modules/es.string.trim-right.js",
    "../../node_modules/core-js/modules/es.string.trim-start.js",
    "../../node_modules/core-js/modules/es.string.trim.js",
    "../../node_modules/core-js/modules/es.symbol.async-iterator.js",
    "../../node_modules/core-js/modules/es.symbol.constructor.js",
    "../../node_modules/core-js/modules/es.symbol.description.js",
    "../../node_modules/core-js/modules/es.symbol.for.js",
    "../../node_modules/core-js/modules/es.symbol.has-instance.js",
    "../../node_modules/core-js/modules/es.symbol.is-concat-spreadable.js",
    "../../node_modules/core-js/modules/es.symbol.iterator.js",
    "../../node_modules/core-js/modules/es.symbol.js",
    "../../node_modules/core-js/modules/es.symbol.key-for.js",
    "../../node_modules/core-js/modules/es.symbol.match-all.js",
    "../../node_modules/core-js/modules/es.symbol.match.js",
    "../../node_modules/core-js/modules/es.symbol.replace.js",
    "../../node_modules/core-js/modules/es.symbol.search.js",
    "../../node_modules/core-js/modules/es.symbol.species.js",
    "../../node_modules/core-js/modules/es.symbol.split.js",
    "../../node_modules/core-js/modules/es.symbol.to-primitive.js",
    "../../node_modules/core-js/modules/es.symbol.to-string-tag.js",
    "../../node_modules/core-js/modules/es.symbol.unscopables.js",
    "../../node_modules/core-js/modules/es.weak-map.constructor.js",
    "../../node_modules/core-js/modules/es.weak-map.js",
    "../../node_modules/core-js/modules/es.weak-set.constructor.js",
    "../../node_modules/core-js/modules/es.weak-set.js",
    "../../node_modules/core-js/modules/web.dom-collections.iterator.js",
    "../../node_modules/core-js/modules/web.queue-microtask.js",
    "../../node_modules/core-js/modules/web.url-search-params.constructor.js",
    "../../node_modules/core-js/modules/web.url-search-params.js",
    "../../node_modules/core-js/modules/web.url.constructor.js",
    "../../node_modules/core-js/modules/web.url.js",
    "../../node_modules/core-js/modules/web.url.to-json.js",
    "../../node_modules/resize-observer-polyfill/dist/ResizeObserver.es.js",
    "../libs/main-polyfills/node_modules/intersection-observer/intersection-observer.js",
    "webpack/runtime/global",
  ],
  "polyfillsCount": 123,
}
`;
