// Jest Snapshot v1, https://goo.gl/fbAQLP

exports[`fixture eslint plugin test check: lint tramvai app files, configure tramvai plugin manually 1`] = `
{
  "error.js": {
    "errors": [
      "@tinkoff/tramvai/bundle-chunk-name",
      "@tinkoff/tramvai/bundle-chunk-name",
    ],
  },
  "ok.js": {},
}
`;

exports[`fixture eslint plugin test check: lint tramvai ts app files, use recommended tramvai plugin config 1`] = `
{
  "bundle1.ts": {},
  "bundle2.ts": {},
  "error.ts": {
    "errors": [
      "@tinkoff/tramvai/bundle-chunk-name",
      "@tinkoff/tramvai/bundle-chunk-name",
    ],
  },
  "ok.ts": {},
}
`;
